// Jest Snapshot v1, https://goo.gl/fbAQLP

exports[`should render correctly 1`] = `
<div
  className="overview-card"
>
  <div
    className="overview-card-header"
  >
    <div
      className="overview-title"
    >
      <span>
        metric_domain.Reliability
      </span>
      <Link
        className="spacer-left small"
        onlyActiveOnIndex={false}
        style={Object {}}
        to={
          Object {
            "pathname": "/component_measures",
            "query": Object {
              "id": "my-project",
              "metric": "Reliability",
            },
          }
        }
      >
        layout.measures
      </Link>
    </div>
  </div>
  <div
    className="overview-domain-panel"
  >
    <div
      className="overview-domain-nutshell"
    >
      <div
        className="overview-domain-measures"
      >
        <div
          className="overview-domain-measure"
        >
          <div
            className="overview-domain-measure-value"
          >
            <span
              className="offset-left"
            >
              <Link
                onlyActiveOnIndex={false}
                style={Object {}}
                to={
                  Object {
                    "pathname": "/project/issues",
                    "query": Object {
                      "id": "my-project",
                      "resolved": "false",
                      "types": "BUG",
                    },
                  }
                }
              >
                5
              </Link>
            </span>
            <Tooltip
              overlay="metric.reliability_rating.tooltip.A"
            >
              <div
                className="overview-domain-measure-sup"
              >
                <DrilldownLink
                  branchLike={
                    Object {
                      "analysisDate": "2018-01-01",
                      "isMain": true,
                      "name": "master",
                    }
                  }
                  className="link-no-underline"
                  component="my-project"
                  metric="reliability_rating"
                >
                  <Rating
                    value="1.0"
                  />
                </DrilldownLink>
              </div>
            </Tooltip>
          </div>
          <div
            className="overview-domain-measure-label display-flex-center display-flex-justify-center"
          >
            <BugIcon
              className="little-spacer-right "
            />
            overview.metric.bugs
            <DocTooltip
              className="little-spacer-left"
              doc={Promise {}}
            />
          </div>
          <Link
            className="overview-domain-measure-history-link"
            onlyActiveOnIndex={false}
            style={Object {}}
            to={
              Object {
                "pathname": "/project/activity",
                "query": Object {
                  "custom_metrics": "bugs",
                  "graph": "custom",
                  "id": "my-project",
                },
              }
            }
          >
            <HistoryIcon />
            <span>
              project_activity.page
            </span>
          </Link>
        </div>
      </div>
      <div
        className="overview-domain-timeline"
      >
        <Timeline
          history={Array []}
        />
        <DateFromNow
          date={2019-01-14T15:44:51.000Z}
        >
          <Component />
        </DateFromNow>
      </div>
    </div>
    <div
      className="overview-domain-leak"
    >
      <InjectIntl(LeakPeriodLegend)
        period={
          Object {
            "index": 1,
            "mode": "days",
          }
        }
      />
      <div
        className="overview-domain-measures"
      >
        <div
          className="overview-domain-measure"
        >
          <div
            className="overview-domain-measure-value"
          >
            <span
              className="offset-left"
            >
              <Link
                onlyActiveOnIndex={false}
                style={Object {}}
                to={
                  Object {
                    "pathname": "/project/issues",
                    "query": Object {
                      "id": "my-project",
                      "resolved": "false",
                      "sinceLeakPeriod": "true",
                      "types": "BUG",
                    },
                  }
                }
              >
                1
              </Link>
            </span>
            <Tooltip
              overlay="metric.reliability_rating.tooltip.A"
            >
              <div
                className="overview-domain-measure-sup"
              >
                <DrilldownLink
                  branchLike={
                    Object {
                      "analysisDate": "2018-01-01",
                      "isMain": true,
                      "name": "master",
                    }
                  }
                  className="link-no-underline"
                  component="my-project"
                  metric="new_reliability_rating"
                >
                  <Rating
                    value="1.0"
                  />
                </DrilldownLink>
              </div>
            </Tooltip>
          </div>
          <div
            className="overview-domain-measure-label"
          >
            <BugIcon
              className="little-spacer-right"
            />
            overview.metric.new_bugs
          </div>
        </div>
      </div>
      <div
        className="overview-domain-timeline"
      >
        <Timeline
          history={Array []}
        />
      </div>
    </div>
  </div>
</div>
`;
