// Jest Snapshot v1, https://goo.gl/fbAQLP

exports[`should render correctly 1`] = `
<div
  className="overview-card"
  id="overview-code-smells"
>
  <div
    className="overview-card-header"
  >
    <div
      className="overview-title"
    >
      <span>
        metric_domain.Maintainability
      </span>
      <Link
        className="spacer-left small"
        onlyActiveOnIndex={false}
        style={Object {}}
        to={
          Object {
            "pathname": "/component_measures",
            "query": Object {
              "id": "my-project",
              "metric": "Maintainability",
            },
          }
        }
      >
        layout.measures
      </Link>
    </div>
  </div>
  <div
    className="overview-domain-panel"
  >
    <div
      className="overview-domain-nutshell"
    >
      <div
        className="overview-domain-measures"
      >
        <div
          className="overview-domain-measure"
        >
          <div
            className="overview-domain-measure-value"
          >
            <span
              className="offset-left"
            >
              <DrilldownLink
                branchLike={
                  Object {
                    "analysisDate": "2018-01-01",
                    "isMain": true,
                    "name": "master",
                  }
                }
                component="my-project"
                metric="sqale_index"
              >
                work_duration.x_days.2
              </DrilldownLink>
            </span>
            <Tooltip
              overlay="metric.sqale_rating.tooltip.B.0.0%"
            >
              <div
                className="overview-domain-measure-sup"
              >
                <DrilldownLink
                  branchLike={
                    Object {
                      "analysisDate": "2018-01-01",
                      "isMain": true,
                      "name": "master",
                    }
                  }
                  className="link-no-underline"
                  component="my-project"
                  metric="sqale_rating"
                >
                  <Rating
                    value="2.0"
                  />
                </DrilldownLink>
              </div>
            </Tooltip>
          </div>
          <div
            className="overview-domain-measure-label display-flex-center display-flex-justify-center"
          >
            overview.metric.effort
            <DocTooltip
              className="little-spacer-left"
              doc={Promise {}}
            />
          </div>
          <Link
            className="overview-domain-measure-history-link"
            onlyActiveOnIndex={false}
            style={Object {}}
            to={
              Object {
                "pathname": "/project/activity",
                "query": Object {
                  "custom_metrics": "sqale_index",
                  "graph": "custom",
                  "id": "my-project",
                },
              }
            }
          >
            <HistoryIcon />
            <span>
              project_activity.page
            </span>
          </Link>
        </div>
        <div
          className="overview-domain-measure"
        >
          <div
            className="overview-domain-measure-value"
          >
            <Link
              onlyActiveOnIndex={false}
              style={Object {}}
              to={
                Object {
                  "pathname": "/project/issues",
                  "query": Object {
                    "id": "my-project",
                    "resolved": "false",
                    "types": "CODE_SMELL",
                  },
                }
              }
            >
              15
            </Link>
          </div>
          <div
            className="overview-domain-measure-label display-flex-center display-flex-justify-center"
          >
            <CodeSmellIcon
              className="little-spacer-right "
            />
            overview.metric.code_smells
            <DocTooltip
              className="little-spacer-left"
              doc={Promise {}}
            />
          </div>
          <Link
            className="overview-domain-measure-history-link"
            onlyActiveOnIndex={false}
            style={Object {}}
            to={
              Object {
                "pathname": "/project/activity",
                "query": Object {
                  "custom_metrics": "code_smells",
                  "graph": "custom",
                  "id": "my-project",
                },
              }
            }
          >
            <HistoryIcon />
            <span>
              project_activity.page
            </span>
          </Link>
        </div>
      </div>
      <div
        className="overview-domain-timeline"
      >
        <Timeline
          history={Array []}
        />
      </div>
    </div>
    <div
      className="overview-domain-leak"
    >
      <div
        className="overview-domain-measures"
      >
        <div
          className="overview-domain-measure"
        >
          <div
            className="overview-domain-measure-value"
          >
            <span
              className="offset-left"
            >
              <DrilldownLink
                branchLike={
                  Object {
                    "analysisDate": "2018-01-01",
                    "isMain": true,
                    "name": "master",
                  }
                }
                component="my-project"
                metric="new_technical_debt"
              >
                work_duration.x_hours.1
              </DrilldownLink>
            </span>
            <Tooltip
              overlay="metric.sqale_rating.tooltip.A.0.0%"
            >
              <div
                className="overview-domain-measure-sup"
              >
                <DrilldownLink
                  branchLike={
                    Object {
                      "analysisDate": "2018-01-01",
                      "isMain": true,
                      "name": "master",
                    }
                  }
                  className="link-no-underline"
                  component="my-project"
                  metric="new_maintainability_rating"
                >
                  <Rating
                    value="1.0"
                  />
                </DrilldownLink>
              </div>
            </Tooltip>
          </div>
          <div
            className="overview-domain-measure-label"
          >
            overview.metric.new_effort
          </div>
        </div>
        <div
          className="overview-domain-measure"
        >
          <div
            className="overview-domain-measure-value"
          >
            <Link
              onlyActiveOnIndex={false}
              style={Object {}}
              to={
                Object {
                  "pathname": "/project/issues",
                  "query": Object {
                    "id": "my-project",
                    "resolved": "false",
                    "sinceLeakPeriod": "true",
                    "types": "CODE_SMELL",
                  },
                }
              }
            >
              52
            </Link>
          </div>
          <div
            className="overview-domain-measure-label"
          >
            <CodeSmellIcon
              className="little-spacer-right"
            />
            overview.metric.new_code_smells
          </div>
        </div>
      </div>
      <div
        className="overview-domain-timeline"
      >
        <Timeline
          history={Array []}
        />
      </div>
    </div>
  </div>
</div>
`;
