// Jest Snapshot v1, https://goo.gl/fbAQLP

exports[`should render correctly 1`] = `
<div
  className="overview-card"
>
  <div
    className="overview-card-header"
  >
    <div
      className="overview-title"
    >
      <span>
        metric.coverage.name
      </span>
      <Link
        className="spacer-left small"
        onlyActiveOnIndex={false}
        style={Object {}}
        to={
          Object {
            "pathname": "/component_measures",
            "query": Object {
              "id": "my-project",
              "metric": "Coverage",
            },
          }
        }
      >
        layout.measures
      </Link>
    </div>
  </div>
  <div
    className="overview-domain-panel"
  >
    <div
      className="overview-domain-nutshell"
    >
      <div
        className="overview-domain-measures overview-domain-measures-big"
      >
        <div
          className="overview-domain-measure"
        >
          <div
            className="display-inline-block text-middle big-spacer-right neg-offset-left"
          >
            <CoverageRating
              size="big"
              value={1}
            />
          </div>
          <div
            className="display-inline-block text-middle"
          >
            <div
              className="overview-domain-measure-value"
            >
              <DrilldownLink
                branchLike={
                  Object {
                    "analysisDate": "2018-01-01",
                    "isMain": true,
                    "name": "master",
                  }
                }
                component="my-project"
                metric="coverage"
              >
                <span
                  className="js-overview-main-coverage"
                >
                  1.0%
                </span>
              </DrilldownLink>
            </div>
            <div
              className="overview-domain-measure-label display-flex-center display-flex-justify-center"
            >
              overview.metric.coverage
              <DocTooltip
                className="little-spacer-left"
                doc={Promise {}}
              />
            </div>
            <Link
              className="overview-domain-measure-history-link"
              onlyActiveOnIndex={false}
              style={Object {}}
              to={
                Object {
                  "pathname": "/project/activity",
                  "query": Object {
                    "custom_metrics": "coverage",
                    "graph": "custom",
                    "id": "my-project",
                  },
                }
              }
            >
              <HistoryIcon />
              <span>
                project_activity.page
              </span>
            </Link>
          </div>
          <Link
            className="overview-domain-measure-history-link"
            onlyActiveOnIndex={false}
            style={Object {}}
            to={
              Object {
                "pathname": "/project/activity",
                "query": Object {
                  "custom_metrics": "coverage",
                  "graph": "custom",
                  "id": "my-project",
                },
              }
            }
          >
            <HistoryIcon />
            <span>
              project_activity.page
            </span>
          </Link>
        </div>
        <div
          className="overview-domain-measure"
        >
          <div
            className="overview-domain-measure-value"
          >
            <DrilldownLink
              branchLike={
                Object {
                  "analysisDate": "2018-01-01",
                  "isMain": true,
                  "name": "master",
                }
              }
              component="my-project"
              metric="tests"
            >
              <span
                className="js-overview-main-tests"
              >
                15
              </span>
            </DrilldownLink>
          </div>
          <div
            className="overview-domain-measure-label display-flex-center display-flex-justify-center"
          >
            Unit Tests
            <DocTooltip
              className="little-spacer-left"
              doc={Promise {}}
            />
            <Link
              className="overview-domain-measure-history-link"
              onlyActiveOnIndex={false}
              style={Object {}}
              to={
                Object {
                  "pathname": "/project/activity",
                  "query": Object {
                    "custom_metrics": "tests",
                    "graph": "custom",
                    "id": "my-project",
                  },
                }
              }
            >
              <HistoryIcon />
              <span>
                project_activity.page
              </span>
            </Link>
          </div>
        </div>
      </div>
    </div>
    <div
      className="overview-domain-leak"
    >
      <div
        className="overview-domain-measures"
      >
        <div
          className="overview-domain-measure"
        >
          <div
            className="overview-domain-measure-value"
          >
            <div>
              <DrilldownLink
                branchLike={
                  Object {
                    "analysisDate": "2018-01-01",
                    "isMain": true,
                    "name": "master",
                  }
                }
                component="my-project"
                metric="new_coverage"
              >
                <span
                  className="js-overview-main-new-coverage"
                >
                  1.0%
                </span>
              </DrilldownLink>
            </div>
          </div>
          <div
            className="overview-domain-measure-label"
          >
            overview.coverage_on
            <br />
            <DrilldownLink
              branchLike={
                Object {
                  "analysisDate": "2018-01-01",
                  "isMain": true,
                  "name": "master",
                }
              }
              className="spacer-right overview-domain-secondary-measure-value"
              component="my-project"
              metric="new_lines_to_cover"
            >
              <span
                className="js-overview-main-new-coverage"
              >
                1
              </span>
            </DrilldownLink>
            overview.metric.new_lines_to_cover
          </div>
        </div>
      </div>
    </div>
  </div>
</div>
`;
