// Jest Snapshot v1, https://goo.gl/fbAQLP

exports[`should render correctly 1`] = `
<div
  className="overview-card"
>
  <div
    className="overview-card-header"
  >
    <div
      className="overview-title"
    >
      <span>
        overview.domain.duplications
      </span>
      <Link
        className="spacer-left small"
        onlyActiveOnIndex={false}
        style={Object {}}
        to={
          Object {
            "pathname": "/component_measures",
            "query": Object {
              "id": "my-project",
              "metric": "Duplications",
            },
          }
        }
      >
        layout.measures
      </Link>
    </div>
  </div>
  <div
    className="overview-domain-panel"
  >
    <div
      className="overview-domain-nutshell"
    >
      <div
        className="overview-domain-measures overview-domain-measures-big"
      >
        <div
          className="overview-domain-measure"
        >
          <div
            className="display-inline-block text-middle big-spacer-right neg-offset-left"
          >
            <DuplicationsRating
              size="big"
              value={0.5}
            />
          </div>
          <div
            className="display-inline-block text-middle"
          >
            <div
              className="overview-domain-measure-value"
            >
              <DrilldownLink
                branchLike={
                  Object {
                    "analysisDate": "2018-01-01",
                    "isMain": true,
                    "name": "master",
                  }
                }
                component="my-project"
                metric="duplicated_lines_density"
              >
                0.5%
              </DrilldownLink>
            </div>
            <div
              className="overview-domain-measure-label display-flex-center display-flex-justify-center"
            >
              overview.metric.duplications
              <DocTooltip
                className="little-spacer-left"
                doc={Promise {}}
              />
            </div>
            <Link
              className="overview-domain-measure-history-link"
              onlyActiveOnIndex={false}
              style={Object {}}
              to={
                Object {
                  "pathname": "/project/activity",
                  "query": Object {
                    "custom_metrics": "duplicated_lines_density",
                    "graph": "custom",
                    "id": "my-project",
                  },
                }
              }
            >
              <HistoryIcon />
              <span>
                project_activity.page
              </span>
            </Link>
          </div>
        </div>
        <div
          className="overview-domain-measure"
        >
          <div
            className="overview-domain-measure-value"
          >
            <DrilldownLink
              branchLike={
                Object {
                  "analysisDate": "2018-01-01",
                  "isMain": true,
                  "name": "master",
                }
              }
              component="my-project"
              metric="duplicated_blocks"
            >
              <span
                className="js-overview-main-tests"
              >
                1
              </span>
            </DrilldownLink>
          </div>
          <div
            className="overview-domain-measure-label display-flex-center display-flex-justify-center"
          >
            Duplicated Blocks
            <DocTooltip
              className="little-spacer-left"
              doc={Promise {}}
            />
            <Link
              className="overview-domain-measure-history-link"
              onlyActiveOnIndex={false}
              style={Object {}}
              to={
                Object {
                  "pathname": "/project/activity",
                  "query": Object {
                    "custom_metrics": "duplicated_blocks",
                    "graph": "custom",
                    "id": "my-project",
                  },
                }
              }
            >
              <HistoryIcon />
              <span>
                project_activity.page
              </span>
            </Link>
          </div>
        </div>
      </div>
    </div>
    <div
      className="overview-domain-leak"
    >
      <div
        className="overview-domain-measures"
      >
        <div
          className="overview-domain-measure"
        >
          <div
            className="overview-domain-measure-value"
          >
            <div>
              <DrilldownLink
                branchLike={
                  Object {
                    "analysisDate": "2018-01-01",
                    "isMain": true,
                    "name": "master",
                  }
                }
                component="my-project"
                metric="new_duplicated_lines_density"
              >
                <span
                  className="js-overview-main-new-duplications"
                >
                  1.5%
                </span>
              </DrilldownLink>
            </div>
          </div>
          <div
            className="overview-domain-measure-label"
          >
            overview.duplications_on
            <br />
            <DrilldownLink
              branchLike={
                Object {
                  "analysisDate": "2018-01-01",
                  "isMain": true,
                  "name": "master",
                }
              }
              className="spacer-right overview-domain-secondary-measure-value"
              component="my-project"
              metric="new_lines"
            >
              <span
                className="js-overview-main-new-lines"
              >
                1
              </span>
            </DrilldownLink>
            overview.metric.new_lines
          </div>
        </div>
      </div>
    </div>
  </div>
</div>
`;
