// Jest Snapshot v1, https://goo.gl/fbAQLP

exports[`should render correctly 1`] = `
<div
  className="overview-card"
>
  <div
    className="overview-card-header"
  >
    <div
      className="overview-title"
    >
      <span>
        metric_domain.Security
      </span>
      <Link
        className="spacer-left small"
        onlyActiveOnIndex={false}
        style={Object {}}
        to={
          Object {
            "pathname": "/component_measures",
            "query": Object {
              "id": "my-project",
              "metric": "Security",
            },
          }
        }
      >
        layout.measures
      </Link>
    </div>
  </div>
  <div
    className="overview-domain-panel"
  >
    <div
      className="overview-domain-nutshell"
    >
      <div
        className="overview-domain-measures"
      >
        <div
          className="overview-domain-measure"
        >
          <div
            className="overview-domain-measure-value"
          >
            <span
              className="offset-left"
            >
              <Link
                onlyActiveOnIndex={false}
                style={Object {}}
                to={
                  Object {
                    "pathname": "/project/issues",
                    "query": Object {
                      "id": "my-project",
                      "resolved": "false",
                      "types": "VULNERABILITY",
                    },
                  }
                }
              >
                0
              </Link>
            </span>
            <Tooltip
              overlay="metric.security_rating.tooltip.A"
            >
              <div
                className="overview-domain-measure-sup"
              >
                <DrilldownLink
                  branchLike={
                    Object {
                      "analysisDate": "2018-01-01",
                      "isMain": true,
                      "name": "master",
                    }
                  }
                  className="link-no-underline"
                  component="my-project"
                  metric="security_rating"
                >
                  <Rating
                    value="1.0"
                  />
                </DrilldownLink>
              </div>
            </Tooltip>
          </div>
          <div
            className="overview-domain-measure-label display-flex-center display-flex-justify-center"
          >
            <VulnerabilityIcon
              className="little-spacer-right"
            />
            overview.metric.vulnerabilities
            <DocTooltip
              className="little-spacer-left"
              doc={Promise {}}
            />
          </div>
          <Link
            className="overview-domain-measure-history-link"
            onlyActiveOnIndex={false}
            style={Object {}}
            to={
              Object {
                "pathname": "/project/activity",
                "query": Object {
                  "custom_metrics": "vulnerabilities",
                  "graph": "custom",
                  "id": "my-project",
                },
              }
            }
          >
            <HistoryIcon />
            <span>
              project_activity.page
            </span>
          </Link>
        </div>
        <div
          className="overview-domain-measure"
        >
          <div
            className="overview-domain-measure-value overview-domain-measure-value-small"
          >
            <Link
              onlyActiveOnIndex={false}
              style={Object {}}
              to={
                Object {
                  "pathname": "/project/issues",
                  "query": Object {
                    "id": "my-project",
                    "resolved": "false",
                    "types": "SECURITY_HOTSPOT",
                  },
                }
              }
            >
              0
            </Link>
          </div>
          <div
            className="overview-domain-measure-label display-flex-center display-flex-justify-center"
          >
            <SecurityHotspotIcon
              className="little-spacer-right"
            />
            overview.metric.security_hotspots
            <DocTooltip
              className="little-spacer-left"
              doc={Promise {}}
            />
          </div>
          <Link
            className="overview-domain-measure-history-link"
            onlyActiveOnIndex={false}
            style={Object {}}
            to={
              Object {
                "pathname": "/project/activity",
                "query": Object {
                  "custom_metrics": "security_hotspots",
                  "graph": "custom",
                  "id": "my-project",
                },
              }
            }
          >
            <HistoryIcon />
            <span>
              project_activity.page
            </span>
          </Link>
        </div>
      </div>
      <div
        className="overview-domain-timeline"
      >
        <Timeline
          history={Array []}
        />
      </div>
    </div>
    <div
      className="overview-domain-leak"
    >
      <div
        className="overview-domain-measures"
      >
        <div
          className="overview-domain-measure"
        >
          <div
            className="overview-domain-measure-value"
          >
            <span
              className="offset-left"
            >
              <Link
                onlyActiveOnIndex={false}
                style={Object {}}
                to={
                  Object {
                    "pathname": "/project/issues",
                    "query": Object {
                      "id": "my-project",
                      "resolved": "false",
                      "sinceLeakPeriod": "true",
                      "types": "VULNERABILITY",
                    },
                  }
                }
              >
                1
              </Link>
            </span>
            <Tooltip
              overlay="metric.security_rating.tooltip.E"
            >
              <div
                className="overview-domain-measure-sup"
              >
                <DrilldownLink
                  branchLike={
                    Object {
                      "analysisDate": "2018-01-01",
                      "isMain": true,
                      "name": "master",
                    }
                  }
                  className="link-no-underline"
                  component="my-project"
                  metric="new_security_rating"
                >
                  <Rating
                    value="5.0"
                  />
                </DrilldownLink>
              </div>
            </Tooltip>
          </div>
          <div
            className="overview-domain-measure-label"
          >
            <VulnerabilityIcon
              className="little-spacer-right"
            />
            overview.metric.new_vulnerabilities
          </div>
        </div>
        <div
          className="overview-domain-measure"
        >
          <div
            className="overview-domain-measure-value overview-domain-measure-value-small"
          >
            <span>
              <Link
                onlyActiveOnIndex={false}
                style={Object {}}
                to={
                  Object {
                    "pathname": "/project/issues",
                    "query": Object {
                      "id": "my-project",
                      "resolved": "false",
                      "sinceLeakPeriod": "true",
                      "types": "SECURITY_HOTSPOT",
                    },
                  }
                }
              >
                10
              </Link>
            </span>
          </div>
          <div
            className="overview-domain-measure-label"
          >
            <SecurityHotspotIcon
              className="little-spacer-right"
            />
            overview.metric.new_security_hotspots
          </div>
        </div>
      </div>
      <div
        className="overview-domain-timeline"
      >
        <Timeline
          history={Array []}
        />
      </div>
    </div>
  </div>
</div>
`;
