// Jest Snapshot v1, https://goo.gl/fbAQLP

exports[`should render correctly 1`] = `
<FacetBox
  property="statuses"
>
  <FacetHeader
    name="issues.facet.statuses"
    onClear={[Function]}
    onClick={[Function]}
    open={true}
    values={Array []}
  />
  <DeferredSpinner
    loading={false}
    timeout={100}
  />
  <FacetItemsList
    title="issues"
  >
    <FacetItem
      active={false}
      disabled={false}
      halfWidth={true}
      key="OPEN"
      loading={false}
      name={
        <StatusHelper
          status="OPEN"
        />
      }
      onClick={[Function]}
      stat="104"
      tooltip="issue.status.OPEN"
      value="OPEN"
    />
    <FacetItem
      active={false}
      disabled={false}
      halfWidth={true}
      key="CONFIRMED"
      loading={false}
      name={
        <StatusHelper
          status="CONFIRMED"
        />
      }
      onClick={[Function]}
      stat="8"
      tooltip="issue.status.CONFIRMED"
      value="CONFIRMED"
    />
    <FacetItem
      active={false}
      disabled={true}
      halfWidth={true}
      key="REOPENED"
      loading={false}
      name={
        <StatusHelper
          status="REOPENED"
        />
      }
      onClick={[Function]}
      stat={0}
      tooltip="issue.status.REOPENED"
      value="REOPENED"
    />
    <FacetItem
      active={false}
      disabled={true}
      halfWidth={true}
      key="RESOLVED"
      loading={false}
      name={
        <StatusHelper
          status="RESOLVED"
        />
      }
      onClick={[Function]}
      stat={0}
      tooltip="issue.status.RESOLVED"
      value="RESOLVED"
    />
  </FacetItemsList>
  <FacetItemsList
    title="issue.type.SECURITY_HOTSPOT.plural"
  >
    <FacetItem
      active={false}
      disabled={false}
      halfWidth={true}
      key="TO_REVIEW"
      loading={false}
      name={
        <StatusHelper
          status="TO_REVIEW"
        />
      }
      onClick={[Function]}
      stat="150"
      tooltip="issue.status.TO_REVIEW"
      value="TO_REVIEW"
    />
    <FacetItem
      active={false}
      disabled={false}
      halfWidth={true}
      key="REVIEWED"
      loading={false}
      name={
        <StatusHelper
          status="REVIEWED"
        />
      }
      onClick={[Function]}
      stat="1.1short_number_suffix.k"
      tooltip="issue.status.REVIEWED"
      value="REVIEWED"
    />
    <FacetItem
      active={false}
      disabled={false}
      halfWidth={true}
      key="IN_REVIEW"
      loading={false}
      name={
        <StatusHelper
          status="IN_REVIEW"
        />
      }
      onClick={[Function]}
      stat="7"
      tooltip="issue.status.IN_REVIEW"
      value="IN_REVIEW"
    />
  </FacetItemsList>
  <FacetItemsList
    title="issues.issues_and_hotspots"
  >
    <FacetItem
      active={false}
      disabled={false}
      halfWidth={true}
      key="CLOSED"
      loading={false}
      name={
        <StatusHelper
          status="CLOSED"
        />
      }
      onClick={[Function]}
      stat="8"
      tooltip="issue.status.CLOSED"
      value="CLOSED"
    />
  </FacetItemsList>
  <MultipleSelectionHint
    options={8}
    values={0}
  />
</FacetBox>
`;
