// Jest Snapshot v1, https://goo.gl/fbAQLP

exports[`renders 1`] = `
<Link
  onlyActiveOnIndex={false}
  style={Object {}}
  to={
    Object {
      "pathname": "/project/activity",
      "query": Object {
        "custom_metrics": "security_rating",
        "graph": "custom",
        "id": "foo",
      },
    }
  }
>
  <HistoryIcon
    className="little-spacer-right"
    size={14}
  />
  <span>
    portfolio.activity_link
  </span>
</Link>
`;
